// Jest Snapshot v1, https://goo.gl/fbAQLP

exports[`<AsyncRoutes /> renders 1`] = `null`;
